exports[`test CommentInput should be rendered 1`] = `
<div
  className="CommentInput">
  <form
    onSubmit={[Function]}>
    <div>
      <textarea
        onChange={[Function]}
        value="" />
    </div>
    <button
      className="btn btn-sm btn-primary"
      disabled={false}
      type="submit">
      Submit
    </button>
  </form>
</div>
`;
