exports[`test CommentInput should be rendered 1`] = `
<div
  className="CommentInput">
  <form
    onSubmit={[Function]}>
    <textarea
      className="form-control"
      id={undefined}
      onChange={[Function]}
      placeholder="Let us know what you think"
      type={undefined}
      value="" />
    <button
      className="btn btn-sm btn-primary"
      disabled={false}
      type="submit">
      Submit
    </button>
  </form>
</div>
`;
