exports[`test InlineComment should be rendered 1`] = `
<div
  className="InlineCommentPrompt"
  style={
    Object {
      "left": 1,
      "position": "absolute",
      "top": 1,
    }
  }>
  <button
    className="btn btn-sm btn-default"
    disabled={false}
    onClick={[Function]}
    type="button">
    c
  </button>
</div>
`;
