exports[`test InlineCommentInputContainer should be rendered 1`] = `
<div
  className="InlineCommentInputContainer">
  <div />
  <form
    onSubmit={[Function]}>
    <div>
      <textarea
        onChange={[Function]} />
    </div>
    <button
      className="btn btn-sm btn-default"
      disabled={false}
      type="submit">
      Submit
    </button>
    <button
      className="btn btn-sm btn-default"
      disabled={false}
      onClick={[Function]}
      type="button">
      cancel
    </button>
  </form>
</div>
`;
