exports[`test InlineCommentPrompt should be rendered 1`] = `
<div
  className="InlineCommentPrompt"
  style={
    Object {
      "left": 1,
      "position": "absolute",
      "top": 1,
    }
  }>
  <button
    className="makeComment btn btn-lg btn-default"
    disabled={false}
    type="button">
    <span
      className="glyphicon glyphicon-pencil"
      onClick={[Function]} />
  </button>
</div>
`;
