exports[`test PostContainer should be rendered 1`] = `
<div
  className="row">
  <div
    className="col-md-3 col-sm-1 col-xs-0" />
  <div
    className="col-md-6 col-sm-10 col-xs-12">
    <div
      className="PostContainer">
      <div
        className="Post">
        <h2
          className="title">
          How Google builds web frameworks
        </h2>
        <div
          onMouseUp={[Function]}>
          <div
            className="PostContentContainer">
            <section>
              <p
                id="1486891456380">
                It’s 
                <a
                  href="http://cacm.acm.org/magazines/2016/7/204032-why-google-stores-billions-of-lines-of-code-in-a-single-repository/fulltext">
                  public knowledge
                </a>
                 that Google uses a single repository to share code — all 2 billion lines of it — and that it uses the trunk-based development paradigm.
              </p>
              <p
                id="1486891472468">
                For many developers outside the company, this is surprising and counterintuitive, but it works really well. (The article linked above gives good examples, so I won’t repeat them here.)
              </p>
              <h3>
                Only one version
              </h3>
              <p
                id="1486891481214">
                When you employ trunk-based development in a single huge repo, you have only one version of everything. That’s kind of obvious. It’s still good to point it out here, though, because it means that — at Google — you can’t have app FooBar that’s using AngularDart 2.2.1 and another app BarFoo that’s on 2.3.0. Both apps must be on the same version — the latest one.
              </p>
              <p
                id="1486891489647">
                That’s why Googlers sometimes say that all software at Google lives on the bleeding edge.
                If your entire soul screams ‘dangerous!’ right now, that’s understandable. Depending on the trunk (‘master’ in git terminology) of a library with your production code sure sounds dangerous. But there’s a plot twist ahead.
              </p>
              <h3>
                74 thousand tests per commit
              </h3>
              <p
                id="1486891500074">
                AngularDart defines 1601 tests (here). But when you’re committing a change to AngularDart code in the Google repository, it also runs tests for everyone at Google who depends on the framework. At the moment, that’s about 74 thousand tests (depending on how big your change is — a heuristic skips tests that the system knows you’re not affecting).
              </p>
            </section>
          </div>
        </div>
      </div>
      <div
        className="row">
        <div
          className="col-xs-12">
          <div
            className="col-md-4 col-sm-12 col-xs-12">
            <div
              className="PostPreview panel panel-default"
              id={undefined}>
              <div
                className="panel-body">
                <h3>
                  <a
                    className="title"
                    onClick={[Function]}
                    style={Object {}}>
                    How Blockchain works, and how it powers Bitcoin
                  </a>
                </h3>
                <section>
                  “Schrödinger’s Backup: the condition of any backup is unknown until a restore is attempted.” — Nixcraft
                </section>
              </div>
            </div>
          </div>
          <div
            className="col-md-4 col-sm-12 col-xs-12">
            <div
              className="PostPreview panel panel-default"
              id={undefined}>
              <div
                className="panel-body">
                <h3>
                  <a
                    className="title"
                    onClick={[Function]}
                    style={Object {}}>
                    How it feels to learn JavaScript in 2016
                  </a>
                </h3>
                <section>
                  No JavaScript frameworks were created during the writing of this article
                </section>
              </div>
            </div>
          </div>
          <div
            className="col-md-4 col-sm-12 col-xs-12">
            <div
              className="PostPreview panel panel-default"
              id={undefined}>
              <div
                className="panel-body">
                <h3>
                  <a
                    className="title"
                    onClick={[Function]}
                    style={Object {}}>
                    To Live & (Nearly) Die In Orange County
                  </a>
                </h3>
                <section>
                  Vacationing in the Land of Sun, Silicone & Subliminal Messages
                </section>
              </div>
            </div>
          </div>
        </div>
      </div>
      <div
        className="CommentContainer">
        <div
          className="CommentInput">
          <form
            onSubmit={[Function]}>
            <textarea
              className="form-control"
              id={undefined}
              onChange={[Function]}
              placeholder="Let us know what you think"
              type={undefined} />
            <button
              className="btn btn-sm btn-primary"
              disabled={false}
              type="submit">
              Submit
            </button>
          </form>
        </div>
      </div>
    </div>
  </div>
  <div
    className="col-md-3 col-sm-1 col-xs-0" />
</div>
`;
