exports[`test PostRecommendations should be rendered 1`] = `
<div
  className="PostRecommendations row">
  <div
    className="col-xs-12">
    <h2
      className="recommendations-title">
      More
    </h2>
    <div
      className="no-padding col-md-4 col-sm-12 col-xs-12">
      <a
        className="title"
        onClick={[Function]}
        style={Object {}}>
        <div
          className="PostPreview panel panel-default"
          id={undefined}>
          <div
            className="panel-body">
            <h3>
              How Google builds web frameworks
            </h3>
            <section>
              It’s public knowledge that Google uses a single repository to share code — all 2 billion lines of it …
            </section>
          </div>
        </div>
      </a>
    </div>
  </div>
</div>
`;
