exports[`test PostRecommendations should be rendered 1`] = `
<div
  className="row">
  <div
    className="col-md-3 col-sm-1 col-xs-0" />
  <div
    className="col-md-6 col-sm-10 col-xs-12">
    <div
      className="PostPreview panel panel-default"
      id={undefined}>
      <div
        className="panel-body">
        <h3>
          <a
            className="title"
            onClick={[Function]}
            style={Object {}}>
            foo
          </a>
        </h3>
        <section />
      </div>
    </div>
  </div>
  <div
    className="col-md-3 col-sm-1 col-xs-0" />
</div>
`;
