exports[`test PostPreview should be rendered 1`] = `
<a
  className="title"
  onClick={[Function]}
  style={Object {}}>
  <div
    className="PostPreview panel panel-default"
    id={undefined}>
    <div
      className="panel-body">
      <h3>
        foo
      </h3>
      <section>
        this is not bar
      </section>
    </div>
  </div>
</a>
`;
